mode: set
github.com/marco/evociv-rl/internal/world/worldmap.go:5.38,11.2 1 1
github.com/marco/evociv-rl/internal/world/worldmap.go:14.43,15.23 1 1
github.com/marco/evociv-rl/internal/world/worldmap.go:15.23,17.3 1 1
github.com/marco/evociv-rl/internal/world/worldmap.go:18.2,18.30 1 1
github.com/marco/evociv-rl/internal/world/worldmap.go:22.44,24.2 1 1
github.com/marco/evociv-rl/internal/world/gen/biomes.go:26.60,27.27 1 1
github.com/marco/evociv-rl/internal/world/gen/biomes.go:27.27,30.81 1 1
github.com/marco/evociv-rl/internal/world/gen/biomes.go:30.81,32.4 1 1
github.com/marco/evociv-rl/internal/world/gen/biomes.go:34.2,34.18 1 1
github.com/marco/evociv-rl/internal/world/gen/biomes.go:38.62,40.9 2 1
github.com/marco/evociv-rl/internal/world/gen/biomes.go:40.9,42.3 1 0
github.com/marco/evociv-rl/internal/world/gen/biomes.go:44.2,45.27 2 1
github.com/marco/evociv-rl/internal/world/gen/biomes.go:45.27,47.10 2 1
github.com/marco/evociv-rl/internal/world/gen/biomes.go:47.10,48.12 1 0
github.com/marco/evociv-rl/internal/world/gen/biomes.go:50.3,51.36 2 1
github.com/marco/evociv-rl/internal/world/gen/biomes.go:51.36,53.4 1 1
github.com/marco/evociv-rl/internal/world/gen/biomes.go:54.3,54.38 1 1
github.com/marco/evociv-rl/internal/world/gen/biomes.go:54.38,56.4 1 1
github.com/marco/evociv-rl/internal/world/gen/biomes.go:57.3,57.40 1 1
github.com/marco/evociv-rl/internal/world/gen/biomes.go:57.40,59.4 1 1
github.com/marco/evociv-rl/internal/world/gen/biomes.go:60.3,60.39 1 1
github.com/marco/evociv-rl/internal/world/gen/biomes.go:60.39,62.4 1 1
github.com/marco/evociv-rl/internal/world/gen/biomes.go:63.3,63.45 1 1
github.com/marco/evociv-rl/internal/world/gen/biomes.go:63.45,65.4 1 1
github.com/marco/evociv-rl/internal/world/gen/biomes.go:66.3,66.45 1 1
github.com/marco/evociv-rl/internal/world/gen/biomes.go:66.45,68.4 1 1
github.com/marco/evociv-rl/internal/world/gen/biomes.go:69.3,69.47 1 1
github.com/marco/evociv-rl/internal/world/gen/biomes.go:69.47,71.4 1 1
github.com/marco/evociv-rl/internal/world/gen/biomes.go:72.3,72.47 1 1
github.com/marco/evociv-rl/internal/world/gen/biomes.go:72.47,74.4 1 1
github.com/marco/evociv-rl/internal/world/gen/biomes.go:75.3,75.50 1 1
github.com/marco/evociv-rl/internal/world/gen/biomes.go:75.50,77.4 1 1
github.com/marco/evociv-rl/internal/world/gen/biomes.go:78.3,78.50 1 1
github.com/marco/evociv-rl/internal/world/gen/biomes.go:78.50,80.4 1 1
github.com/marco/evociv-rl/internal/world/gen/biomes.go:81.3,81.29 1 1
github.com/marco/evociv-rl/internal/world/gen/biomes.go:83.2,83.20 1 1
github.com/marco/evociv-rl/internal/world/gen/biomes.go:86.39,87.25 1 1
github.com/marco/evociv-rl/internal/world/gen/biomes.go:88.15,89.19 1 1
github.com/marco/evociv-rl/internal/world/gen/biomes.go:90.11,91.28 1 0
github.com/marco/evociv-rl/internal/world/gen/biomes.go:92.13,93.28 1 0
github.com/marco/evociv-rl/internal/world/gen/biomes.go:94.10,95.18 1 0
github.com/marco/evociv-rl/internal/world/gen/genconfig.go:22.37,23.18 1 1
github.com/marco/evociv-rl/internal/world/gen/genconfig.go:23.18,25.3 1 1
github.com/marco/evociv-rl/internal/world/gen/genconfig.go:26.2,26.19 1 1
github.com/marco/evociv-rl/internal/world/gen/genconfig.go:26.19,28.3 1 1
github.com/marco/evociv-rl/internal/world/gen/genconfig.go:29.2,29.12 1 1
github.com/marco/evociv-rl/internal/world/gen/genconfig.go:33.64,35.16 2 1
github.com/marco/evociv-rl/internal/world/gen/genconfig.go:35.16,37.3 1 1
github.com/marco/evociv-rl/internal/world/gen/genconfig.go:39.2,43.51 2 1
github.com/marco/evociv-rl/internal/world/gen/genconfig.go:43.51,45.3 1 1
github.com/marco/evociv-rl/internal/world/gen/genconfig.go:46.2,46.48 1 1
github.com/marco/evociv-rl/internal/world/gen/genconfig.go:46.48,48.3 1 0
github.com/marco/evociv-rl/internal/world/gen/genconfig.go:50.2,51.22 2 1
github.com/marco/evociv-rl/internal/world/gen/genconfig.go:51.22,53.3 1 1
github.com/marco/evociv-rl/internal/world/gen/genconfig.go:54.2,54.25 1 1
github.com/marco/evociv-rl/internal/world/gen/genconfig.go:54.25,56.3 1 1
github.com/marco/evociv-rl/internal/world/gen/genconfig.go:57.2,57.19 1 1
github.com/marco/evociv-rl/internal/world/gen/genconfig.go:57.19,59.3 1 1
github.com/marco/evociv-rl/internal/world/gen/genconfig.go:60.2,60.20 1 1
github.com/marco/evociv-rl/internal/world/gen/genconfig.go:60.20,62.3 1 1
github.com/marco/evociv-rl/internal/world/gen/genconfig.go:64.2,64.17 1 1
github.com/marco/evociv-rl/internal/world/gen/generate.go:14.87,15.42 1 1
github.com/marco/evociv-rl/internal/world/gen/generate.go:15.42,17.3 1 1
github.com/marco/evociv-rl/internal/world/gen/generate.go:19.2,20.15 2 1
github.com/marco/evociv-rl/internal/world/gen/generate.go:20.15,22.3 1 0
github.com/marco/evociv-rl/internal/world/gen/generate.go:24.2,24.25 1 1
github.com/marco/evociv-rl/internal/world/gen/generate.go:24.25,25.26 1 1
github.com/marco/evociv-rl/internal/world/gen/generate.go:25.26,27.19 2 1
github.com/marco/evociv-rl/internal/world/gen/generate.go:27.19,28.13 1 0
github.com/marco/evociv-rl/internal/world/gen/generate.go:32.4,43.44 6 1
github.com/marco/evociv-rl/internal/world/gen/generate.go:47.2,47.16 1 1
github.com/marco/evociv-rl/internal/world/gen/noise.go:10.56,11.16 1 1
github.com/marco/evociv-rl/internal/world/gen/noise.go:11.16,13.3 1 0
github.com/marco/evociv-rl/internal/world/gen/noise.go:14.2,45.12 17 1
github.com/marco/evociv-rl/internal/world/gen/noise.go:50.92,51.18 1 1
github.com/marco/evociv-rl/internal/world/gen/noise.go:51.18,53.3 1 0
github.com/marco/evociv-rl/internal/world/gen/noise.go:54.2,59.31 5 1
github.com/marco/evociv-rl/internal/world/gen/noise.go:59.31,64.3 4 1
github.com/marco/evociv-rl/internal/world/gen/noise.go:66.2,66.19 1 1
github.com/marco/evociv-rl/internal/world/gen/noise.go:66.19,68.3 1 0
github.com/marco/evociv-rl/internal/world/gen/noise.go:69.2,69.25 1 1
github.com/marco/evociv-rl/internal/world/gen/noise.go:72.34,76.19 4 1
github.com/marco/evociv-rl/internal/world/gen/noise.go:76.19,78.3 1 1
github.com/marco/evociv-rl/internal/world/gen/noise.go:79.2,79.34 1 1
github.com/marco/evociv-rl/internal/world/gen/noise.go:79.34,81.3 1 1
github.com/marco/evociv-rl/internal/world/gen/noise.go:82.2,82.27 1 1
github.com/marco/evociv-rl/internal/world/gen/noise.go:82.27,84.3 1 1
github.com/marco/evociv-rl/internal/world/gen/noise.go:85.2,85.13 1 1
github.com/marco/evociv-rl/internal/world/gen/noise.go:88.30,90.2 1 1
github.com/marco/evociv-rl/internal/world/gen/noise.go:92.36,94.2 1 1
github.com/marco/evociv-rl/internal/world/gen/noise.go:96.58,99.12 3 1
github.com/marco/evociv-rl/internal/world/gen/noise.go:99.12,101.3 1 1
github.com/marco/evociv-rl/internal/world/gen/noise.go:102.2,103.12 2 1
github.com/marco/evociv-rl/internal/world/gen/noise.go:103.12,105.25 2 1
github.com/marco/evociv-rl/internal/world/gen/noise.go:105.25,107.4 1 1
github.com/marco/evociv-rl/internal/world/gen/noise.go:109.2,109.18 1 1
github.com/marco/evociv-rl/internal/world/gen/noise.go:109.18,111.3 1 1
github.com/marco/evociv-rl/internal/world/gen/noise.go:112.2,112.18 1 1
github.com/marco/evociv-rl/internal/world/gen/noise.go:112.18,114.3 1 1
github.com/marco/evociv-rl/internal/world/gen/noise.go:115.2,115.14 1 1
