mode: set
github.com/marco/evociv-rl/internal/ui/model.go:22.23,26.2 1 1
github.com/marco/evociv-rl/internal/ui/model.go:29.49,31.2 1 1
github.com/marco/evociv-rl/internal/ui/model.go:34.31,36.2 1 1
github.com/marco/evociv-rl/internal/ui/model.go:39.57,40.27 1 1
github.com/marco/evociv-rl/internal/ui/model.go:41.18,42.23 1 1
github.com/marco/evociv-rl/internal/ui/model.go:43.12,45.22 2 1
github.com/marco/evociv-rl/internal/ui/model.go:46.12,47.29 1 1
github.com/marco/evociv-rl/internal/ui/model.go:47.29,49.5 1 1
github.com/marco/evociv-rl/internal/ui/model.go:49.10,51.5 1 1
github.com/marco/evociv-rl/internal/ui/model.go:52.18,53.46 1 1
github.com/marco/evociv-rl/internal/ui/model.go:53.46,54.22 1 1
github.com/marco/evociv-rl/internal/ui/model.go:54.22,56.6 1 1
github.com/marco/evociv-rl/internal/ui/model.go:58.20,59.46 1 1
github.com/marco/evociv-rl/internal/ui/model.go:59.46,60.40 1 1
github.com/marco/evociv-rl/internal/ui/model.go:60.40,62.6 1 1
github.com/marco/evociv-rl/internal/ui/model.go:64.20,65.46 1 1
github.com/marco/evociv-rl/internal/ui/model.go:65.46,66.22 1 1
github.com/marco/evociv-rl/internal/ui/model.go:66.22,68.6 1 1
github.com/marco/evociv-rl/internal/ui/model.go:70.21,71.46 1 1
github.com/marco/evociv-rl/internal/ui/model.go:71.46,72.39 1 1
github.com/marco/evociv-rl/internal/ui/model.go:72.39,74.6 1 1
github.com/marco/evociv-rl/internal/ui/model.go:77.25,80.17 3 1
github.com/marco/evociv-rl/internal/ui/model.go:82.2,82.15 1 1
github.com/marco/evociv-rl/internal/ui/model.go:86.30,88.2 1 1
github.com/marco/evociv-rl/internal/ui/view.go:48.33,49.14 1 1
github.com/marco/evociv-rl/internal/ui/view.go:49.14,51.3 1 1
github.com/marco/evociv-rl/internal/ui/view.go:53.2,53.18 1 1
github.com/marco/evociv-rl/internal/ui/view.go:54.13,55.22 1 1
github.com/marco/evociv-rl/internal/ui/view.go:56.10,57.26 1 1
github.com/marco/evociv-rl/internal/ui/view.go:61.36,78.2 6 1
github.com/marco/evociv-rl/internal/ui/view.go:80.32,81.23 1 1
github.com/marco/evociv-rl/internal/ui/view.go:81.23,86.3 1 1
github.com/marco/evociv-rl/internal/ui/view.go:88.2,92.40 4 1
github.com/marco/evociv-rl/internal/ui/view.go:92.40,94.34 2 1
github.com/marco/evociv-rl/internal/ui/view.go:94.34,96.12 2 1
github.com/marco/evociv-rl/internal/ui/view.go:99.3,100.40 2 1
github.com/marco/evociv-rl/internal/ui/view.go:100.40,102.34 2 1
github.com/marco/evociv-rl/internal/ui/view.go:102.34,104.13 2 1
github.com/marco/evociv-rl/internal/ui/view.go:107.4,108.19 2 1
github.com/marco/evociv-rl/internal/ui/view.go:108.19,110.13 2 0
github.com/marco/evociv-rl/internal/ui/view.go:113.4,114.11 2 1
github.com/marco/evociv-rl/internal/ui/view.go:114.11,116.5 1 1
github.com/marco/evociv-rl/internal/ui/view.go:117.4,120.28 2 1
github.com/marco/evociv-rl/internal/ui/view.go:122.3,122.39 1 1
github.com/marco/evociv-rl/internal/ui/view.go:125.2,125.34 1 1
