                                                                                
                                                                                
                                                                                
                                                                                
                                                                                
                                                                                
                                                                                
                                                                                
                                   Evociv-RL                                    
                                                                                
                               v0.0.1 — Fundación                               
                                                                                
                                                                                
                           Un mundo por descubrir...                            
                                                                                
                                                                                
                                   [q] Salir                                    
                                                                                
                                                                                
                                                                                
                                                                                
                                                                                
                                                                                
                                                                                